TOKEN-ERROR: {"error": 403, "detail": "{\n  \"error\": {\n    \"code\": 403,\n    \"message\": \"Site Verification API has not been used in project 318741059842 before or it is disabled. Enable it by visiting https://console.developers.google.com/apis/api/siteverification.googleapis.com/overview?project=318741059842 then retry. If you enabled this API recently, wait a few minutes for the action to propagate to
TOKEN-ERROR: {"error": 403, "detail": "{\n  \"error\": {\n    \"code\": 403,\n    \"message\": \"Site Verification API has not been used in project 318741059842 before or it is disabled. Enable it by visiting https://console.developers.google.com/apis/api/siteverification.googleapis.com/overview?project=318741059842 then retry. If you enabled this API recently, wait a few minutes for the action to propagate to
TOKEN-FILE-CREATED: google51cb91cae00a2f0e.html — verify on next run after deploy
VERIFY: OK
SITES.ADD: OK
VERIFY: OK
SITES.ADD: OK
ALREADY-OWNER — skip
ALREADY-OWNER — skip
ALREADY-OWNER — skip
ALREADY-OWNER — skip
ALREADY-OWNER — skip
ALREADY-OWNER — skip
ALREADY-OWNER — skip
ALREADY-OWNER — skip
ALREADY-OWNER — skip
ALREADY-OWNER — skip
ALREADY-OWNER — skip
ALREADY-OWNER — skip
ALREADY-OWNER — skip
